// Jest Snapshot v1, https://goo.gl/fbAQLP

exports[`empty async virtualized grid 1`] = `<div />`;
